Archive member included to satisfy reference by file (symbol)

C:/ST/STM32CubeIDE_1.16.1/STM32CubeIDE/plugins/com.st.stm32cube.ide.mcu.externaltools.gnu-tools-for-stm32.13.3.rel1.win32_1.0.0.202411081344/tools/bin/../lib/gcc/arm-none-eabi/13.3.1/../../../../arm-none-eabi/lib/thumb/v7e-m+fp/hard\libc_nano.a(libc_a-exit.o)
                              C:/ST/STM32CubeIDE_1.16.1/STM32CubeIDE/plugins/com.st.stm32cube.ide.mcu.externaltools.gnu-tools-for-stm32.13.3.rel1.win32_1.0.0.202411081344/tools/bin/../lib/gcc/arm-none-eabi/13.3.1/../../../../arm-none-eabi/lib/thumb/v7e-m+fp/hard/crt0.o (exit)
C:/ST/STM32CubeIDE_1.16.1/STM32CubeIDE/plugins/com.st.stm32cube.ide.mcu.externaltools.gnu-tools-for-stm32.13.3.rel1.win32_1.0.0.202411081344/tools/bin/../lib/gcc/arm-none-eabi/13.3.1/../../../../arm-none-eabi/lib/thumb/v7e-m+fp/hard\libc_nano.a(libc_a-findfp.o)
                              C:/ST/STM32CubeIDE_1.16.1/STM32CubeIDE/plugins/com.st.stm32cube.ide.mcu.externaltools.gnu-tools-for-stm32.13.3.rel1.win32_1.0.0.202411081344/tools/bin/../lib/gcc/arm-none-eabi/13.3.1/../../../../arm-none-eabi/lib/thumb/v7e-m+fp/hard\libc_nano.a(libc_a-exit.o) (__stdio_exit_handler)
C:/ST/STM32CubeIDE_1.16.1/STM32CubeIDE/plugins/com.st.stm32cube.ide.mcu.externaltools.gnu-tools-for-stm32.13.3.rel1.win32_1.0.0.202411081344/tools/bin/../lib/gcc/arm-none-eabi/13.3.1/../../../../arm-none-eabi/lib/thumb/v7e-m+fp/hard\libc_nano.a(libc_a-fwalk.o)
                              C:/ST/STM32CubeIDE_1.16.1/STM32CubeIDE/plugins/com.st.stm32cube.ide.mcu.externaltools.gnu-tools-for-stm32.13.3.rel1.win32_1.0.0.202411081344/tools/bin/../lib/gcc/arm-none-eabi/13.3.1/../../../../arm-none-eabi/lib/thumb/v7e-m+fp/hard\libc_nano.a(libc_a-findfp.o) (_fwalk_sglue)
C:/ST/STM32CubeIDE_1.16.1/STM32CubeIDE/plugins/com.st.stm32cube.ide.mcu.externaltools.gnu-tools-for-stm32.13.3.rel1.win32_1.0.0.202411081344/tools/bin/../lib/gcc/arm-none-eabi/13.3.1/../../../../arm-none-eabi/lib/thumb/v7e-m+fp/hard\libc_nano.a(libc_a-stdio.o)
                              C:/ST/STM32CubeIDE_1.16.1/STM32CubeIDE/plugins/com.st.stm32cube.ide.mcu.externaltools.gnu-tools-for-stm32.13.3.rel1.win32_1.0.0.202411081344/tools/bin/../lib/gcc/arm-none-eabi/13.3.1/../../../../arm-none-eabi/lib/thumb/v7e-m+fp/hard\libc_nano.a(libc_a-findfp.o) (__sread)
C:/ST/STM32CubeIDE_1.16.1/STM32CubeIDE/plugins/com.st.stm32cube.ide.mcu.externaltools.gnu-tools-for-stm32.13.3.rel1.win32_1.0.0.202411081344/tools/bin/../lib/gcc/arm-none-eabi/13.3.1/../../../../arm-none-eabi/lib/thumb/v7e-m+fp/hard\libc_nano.a(libc_a-memset.o)
                              C:/ST/STM32CubeIDE_1.16.1/STM32CubeIDE/plugins/com.st.stm32cube.ide.mcu.externaltools.gnu-tools-for-stm32.13.3.rel1.win32_1.0.0.202411081344/tools/bin/../lib/gcc/arm-none-eabi/13.3.1/../../../../arm-none-eabi/lib/thumb/v7e-m+fp/hard/crt0.o (memset)
C:/ST/STM32CubeIDE_1.16.1/STM32CubeIDE/plugins/com.st.stm32cube.ide.mcu.externaltools.gnu-tools-for-stm32.13.3.rel1.win32_1.0.0.202411081344/tools/bin/../lib/gcc/arm-none-eabi/13.3.1/../../../../arm-none-eabi/lib/thumb/v7e-m+fp/hard\libc_nano.a(libc_a-closer.o)
                              C:/ST/STM32CubeIDE_1.16.1/STM32CubeIDE/plugins/com.st.stm32cube.ide.mcu.externaltools.gnu-tools-for-stm32.13.3.rel1.win32_1.0.0.202411081344/tools/bin/../lib/gcc/arm-none-eabi/13.3.1/../../../../arm-none-eabi/lib/thumb/v7e-m+fp/hard\libc_nano.a(libc_a-stdio.o) (_close_r)
C:/ST/STM32CubeIDE_1.16.1/STM32CubeIDE/plugins/com.st.stm32cube.ide.mcu.externaltools.gnu-tools-for-stm32.13.3.rel1.win32_1.0.0.202411081344/tools/bin/../lib/gcc/arm-none-eabi/13.3.1/../../../../arm-none-eabi/lib/thumb/v7e-m+fp/hard\libc_nano.a(libc_a-reent.o)
                              C:/ST/STM32CubeIDE_1.16.1/STM32CubeIDE/plugins/com.st.stm32cube.ide.mcu.externaltools.gnu-tools-for-stm32.13.3.rel1.win32_1.0.0.202411081344/tools/bin/../lib/gcc/arm-none-eabi/13.3.1/../../../../arm-none-eabi/lib/thumb/v7e-m+fp/hard\libc_nano.a(libc_a-closer.o) (errno)
C:/ST/STM32CubeIDE_1.16.1/STM32CubeIDE/plugins/com.st.stm32cube.ide.mcu.externaltools.gnu-tools-for-stm32.13.3.rel1.win32_1.0.0.202411081344/tools/bin/../lib/gcc/arm-none-eabi/13.3.1/../../../../arm-none-eabi/lib/thumb/v7e-m+fp/hard\libc_nano.a(libc_a-impure.o)
                              C:/ST/STM32CubeIDE_1.16.1/STM32CubeIDE/plugins/com.st.stm32cube.ide.mcu.externaltools.gnu-tools-for-stm32.13.3.rel1.win32_1.0.0.202411081344/tools/bin/../lib/gcc/arm-none-eabi/13.3.1/../../../../arm-none-eabi/lib/thumb/v7e-m+fp/hard\libc_nano.a(libc_a-reent.o) (_impure_ptr)
C:/ST/STM32CubeIDE_1.16.1/STM32CubeIDE/plugins/com.st.stm32cube.ide.mcu.externaltools.gnu-tools-for-stm32.13.3.rel1.win32_1.0.0.202411081344/tools/bin/../lib/gcc/arm-none-eabi/13.3.1/../../../../arm-none-eabi/lib/thumb/v7e-m+fp/hard\libc_nano.a(libc_a-lseekr.o)
[...]
Memory Configuration

Name             Origin             Length             Attributes
CCMRAM           0x10000000         0x00010000         xrw
RAM              0x20000000         0x00020000         xrw
FLASH            0x08000000         0x00008000         xr
*default*        0x00000000         0xffffffff

Linker script and memory map

LOAD C:/ST/STM32CubeIDE_1.16.1/STM32CubeIDE/plugins/com.st.stm32cube.ide.mcu.externaltools.gnu-tools-for-stm32.13.3.rel1.win32_1.0.0.202411081344/tools/bin/../lib/gcc/arm-none-eabi/13.3.1/thumb/v7e-m+fp/hard/crti.o
LOAD C:/ST/STM32CubeIDE_1.16.1/STM32CubeIDE/plugins/com.st.stm32cube.ide.mcu.externaltools.gnu-tools-for-stm32.13.3.rel1.win32_1.0.0.202411081344/tools/bin/../lib/gcc/arm-none-eabi/13.3.1/thumb/v7e-m+fp/hard/crtbegin.o
LOAD C:/ST/STM32CubeIDE_1.16.1/STM32CubeIDE/plugins/com.st.stm32cube.ide.mcu.externaltools.gnu-tools-for-stm32.13.3.rel1.win32_1.0.0.202411081344/tools/bin/../lib/gcc/arm-none-eabi/13.3.1/../../../../arm-none-eabi/lib/thumb/v7e-m+fp/hard/crt0.o
LOAD ./Core/Src/bootloader.o
LOAD ./Core/Src/gpio.o
LOAD ./Core/Src/main.o
LOAD ./Core/Src/stm32f4xx_hal_msp.o
LOAD ./Core/Src/stm32f4xx_it.o
LOAD ./Core/Src/syscalls.o
LOAD ./Core/Src/sysmem.o
LOAD ./Core/Src/system_stm32f4xx.o
LOAD ./Core/Startup/startup_stm32f407vgtx.o
LOAD ./Drivers/Flash/flash.o
LOAD ./Drivers/STM32F4xx_HAL_Driver/Src/stm32f4xx_hal.o
LOAD ./Drivers/STM32F4xx_HAL_Driver/Src/stm32f4xx_hal_cortex.o
LOAD ./Drivers/STM32F4xx_HAL_Driver/Src/stm32f4xx_hal_crc.o
LOAD ./Drivers/STM32F4xx_HAL_Driver/Src/stm32f4xx_hal_dma.o
LOAD ./Drivers/STM32F4xx_HAL_Driver/Src/stm32f4xx_hal_dma_ex.o
LOAD ./Drivers/STM32F4xx_HAL_Driver/Src/stm32f4xx_hal_exti.o
LOAD ./Drivers/STM32F4xx_HAL_Driver/Src/stm32f4xx_hal_flash.o
LOAD ./Drivers/STM32F4xx_HAL_Driver/Src/stm32f4xx_hal_flash_ex.o
LOAD ./Drivers/STM32F4xx_HAL_Driver/Src/stm32f4xx_hal_flash_ramfunc.o
LOAD ./Drivers/STM32F4xx_HAL_Driver/Src/stm32f4xx_hal_gpio.o
LOAD ./Drivers/STM32F4xx_HAL_Driver/Src/stm32f4xx_hal_pwr.o
LOAD ./Drivers/STM32F4xx_HAL_Driver/Src/stm32f4xx_hal_pwr_ex.o
LOAD ./Drivers/STM32F4xx_HAL_Driver/Src/stm32f4xx_hal_rcc.o
LOAD ./Drivers/STM32F4xx_HAL_Driver/Src/stm32f4xx_hal_rcc_ex.o
LOAD ./Drivers/STM32F4xx_HAL_Driver/Src/stm32f4xx_ll_dma.o
LOAD ./Drivers/STM32F4xx_HAL_Driver/Src/stm32f4xx_ll_exti.o
LOAD ./Drivers/STM32F4xx_HAL_Driver/Src/stm32f4xx_ll_gpio.o
LOAD ./Drivers/STM32F4xx_HAL_Driver/Src/stm32f4xx_ll_rcc.o
LOAD ./Drivers/STM32F4xx_HAL_Driver/Src/stm32f4xx_ll_usart.o
LOAD ./Drivers/STM32F4xx_HAL_Driver/Src/stm32f4xx_ll_utils.o
LOAD ./Drivers/UART/RingBuffer.o
LOAD ./Drivers/UART/UART.o
LOAD ./Drivers/scheduler/scheduler.o
START GROUP
LOAD C:/ST/STM32CubeIDE_1.16.1/STM32CubeIDE/plugins/com.st.stm32cube.ide.mcu.externaltools.gnu-tools-for-stm32.13.3.rel1.win32_1.0.0.202411081344/tools/bin/../lib/gcc/arm-none-eabi/13.3.1/../../../../arm-none-eabi/lib/thumb/v7e-m+fp/hard\libc_nano.a
LOAD C:/ST/STM32CubeIDE_1.16.1/STM32CubeIDE/plugins/com.st.stm32cube.ide.mcu.externaltools.gnu-tools-for-stm32.13.3.rel1.win32_1.0.0.202411081344/tools/bin/../lib/gcc/arm-none-eabi/13.3.1/../../../../arm-none-eabi/lib/thumb/v7e-m+fp/hard\libm.a
END GROUP
START GROUP
LOAD C:/ST/STM32CubeIDE_1.16.1/STM32CubeIDE/plugins/com.st.stm32cube.ide.mcu.externaltools.gnu-tools-for-stm32.13.3.rel1.win32_1.0.0.202411081344/tools/bin/../lib/gcc/arm-none-eabi/13.3.1/thumb/v7e-m+fp/hard\libgcc.a
LOAD C:/ST/STM32CubeIDE_1.16.1/STM32CubeIDE/plugins/com.st.stm32cube.ide.mcu.externaltools.gnu-tools-for-stm32.13.3.rel1.win32_1.0.0.202411081344/tools/bin/../lib/gcc/arm-none-eabi/13.3.1/../../../../arm-none-eabi/lib/thumb/v7e-m+fp/hard\libc_nano.a
END GROUP
START GROUP
LOAD C:/ST/STM32CubeIDE_1.16.1/STM32CubeIDE/plugins/com.st.stm32cube.ide.mcu.externaltools.gnu-tools-for-stm32.13.3.rel1.win32_1.0.0.202411081344/tools/bin/../lib/gcc/arm-none-eabi/13.3.1/thumb/v7e-m+fp/hard\libgcc.a
LOAD C:/ST/STM32CubeIDE_1.16.1/STM32CubeIDE/plugins/com.st.stm32cube.ide.mcu.externaltools.gnu-tools-for-stm32.13.3.rel1.win32_1.0.0.202411081344/tools/bin/../lib/gcc/arm-none-eabi/13.3.1/../../../../arm-none-eabi/lib/thumb/v7e-m+fp/hard\libc_nano.a
LOAD C:/ST/STM32CubeIDE_1.16.1/STM32CubeIDE/plugins/com.st.stm32cube.ide.mcu.externaltools.gnu-tools-for-stm32.13.3.rel1.win32_1.0.0.202411081344/tools/bin/../lib/gcc/arm-none-eabi/13.3.1/../../../../arm-none-eabi/lib/thumb/v7e-m+fp/hard\libnosys.a
END GROUP
START GROUP
LOAD C:/ST/STM32CubeIDE_1.16.1/STM32CubeIDE/plugins/com.st.stm32cube.ide.mcu.externaltools.gnu-tools-for-stm32.13.3.rel1.win32_1.0.0.202411081344/tools/bin/../lib/gcc/arm-none-eabi/13.3.1/thumb/v7e-m+fp/hard\libgcc.a
LOAD C:/ST/STM32CubeIDE_1.16.1/STM32CubeIDE/plugins/com.st.stm32cube.ide.mcu.externaltools.gnu-tools-for-stm32.13.3.rel1.win32_1.0.0.202411081344/tools/bin/../lib/gcc/arm-none-eabi/13.3.1/../../../../arm-none-eabi/lib/thumb/v7e-m+fp/hard\libc_nano.a
LOAD C:/ST/STM32CubeIDE_1.16.1/STM32CubeIDE/plugins/com.st.stm32cube.ide.mcu.externaltools.gnu-tools-for-stm32.13.3.rel1.win32_1.0.0.202411081344/tools/bin/../lib/gcc/arm-none-eabi/13.3.1/../../../../arm-none-eabi/lib/thumb/v7e-m+fp/hard\libnosys.a
END GROUP
LOAD C:/ST/STM32CubeIDE_1.16.1/STM32CubeIDE/plugins/com.st.stm32cube.ide.mcu.externaltools.gnu-tools-for-stm32.13.3.rel1.win32_1.0.0.202411081344/tools/bin/../lib/gcc/arm-none-eabi/13.3.1/thumb/v7e-m+fp/hard/crtend.o
LOAD C:/ST/STM32CubeIDE_1.16.1/STM32CubeIDE/plugins/com.st.stm32cube.ide.mcu.externaltools.gnu-tools-for-stm32.13.3.rel1.win32_1.0.0.202411081344/tools/bin/../lib/gcc/arm-none-eabi/13.3.1/thumb/v7e-m+fp/hard/crtn.o
                0x20020000                        _estack = (ORIGIN (RAM) + LENGTH (RAM))
                0x00000200                        _Min_Heap_Size = 0x200
                0x00000400                        _Min_Stack_Size = 0x400

.isr_vector     0x08000000      0x188
                0x08000000                        . = ALIGN (0x4)
 *(.isr_vector)
 .isr_vector    0x08000000      0x188 ./Core/Startup/startup_stm32f407vgtx.o
                0x08000000                g_pfnVectors
                0x08000188                        . = ALIGN (0x4)

.text           0x08000188     0x394c
                0x08000188                        . = ALIGN (0x4)
 *(.text)
 .text          0x08000188       0x40 C:/ST/STM32CubeIDE_1.16.1/STM32CubeIDE/plugins/com.st.stm32cube.ide.mcu.externaltools.gnu-tools-for-stm32.13.3.rel1.win32_1.0.0.202411081344/tools/bin/../lib/gcc/arm-none-eabi/13.3.1/thumb/v7e-m+fp/hard/crtbegin.o
 .text          0x080001c8       0x30 C:/ST/STM32CubeIDE_1.16.1/STM32CubeIDE/plugins/com.st.stm32cube.ide.mcu.externaltools.gnu-tools-for-stm32.13.3.rel1.win32_1.0.0.202411081344/tools/bin/../lib/gcc/arm-none-eabi/13.3.1/thumb/v7e-m+fp/hard\libgcc.a(_aeabi_uldivmod.o)
                0x080001c8                __aeabi_uldivmod
 .text          0x080001f8      0x2f8 C:/ST/STM32CubeIDE_1.16.1/STM32CubeIDE/plugins/com.st.stm32cube.ide.mcu.externaltools.gnu-tools-for-stm32.13.3.rel1.win32_1.0.0.202411081344/tools/bin/../lib/gcc/arm-none-eabi/13.3.1/thumb/v7e-m+fp/hard\libgcc.a(_udivmoddi4.o)
                0x080001f8                __udivmoddi4
 .text          0x080004f0        0x4 C:/ST/STM32CubeIDE_1.16.1/STM32CubeIDE/plugins/com.st.stm32cube.ide.mcu.externaltools.gnu-tools-for-stm32.13.3.rel1.win32_1.0.0.202411081344/tools/bin/../lib/gcc/arm-none-eabi/13.3.1/thumb/v7e-m+fp/hard\libgcc.a(_dvmd_tls.o)
                0x080004f0                __aeabi_idiv0
                0x080004f0                __aeabi_ldiv0
 *(.text*)
 .text.__NVIC_SystemReset
                0x080004f4       0x2c ./Core/Src/bootloader.o
 .text.LL_APB2_GRP1_ForceReset
                0x08000520       0x24 ./Core/Src/bootloader.o
 .text.LL_APB2_GRP1_ReleaseReset
                0x08000544       0x28 ./Core/Src/bootloader.o
 .text.BL_UART_Fetch_Host_Command
                0x0800056c      0x188 ./Core/Src/bootloader.o
                0x0800056c                BL_UART_Fetch_Host_Command
 .text.Bootloader_Get_Chip_Identification_Number
                0x080006f4       0x34 ./Core/Src/bootloader.o
 .text.CBL_STM32F401_Get_RDP_Level
                0x08000728       0x1a ./Core/Src/bootloader.o
 .text.Bootloader_Read_Protection_Level
                0x08000742       0x3e ./Core/Src/bootloader.o
 .text.Jump_To_App
                0x08000780      0x104 ./Core/Src/bootloader.o
                0x08000780                Jump_To_App
 .text.Bootloader_Jump_To_User_App
                0x08000884       0x60 ./Core/Src/bootloader.o
 .text.Perform_Flash_Erase
                0x080008e4       0xa4 ./Core/Src/bootloader.o
 .text.Bootloader_Erase_Flash
                0x08000988       0xa0 ./Core/Src/bootloader.o
 .text.Flash_Memory_Write_Payload
                0x08000a28       0x5a ./Core/Src/bootloader.o
 *fill*         0x08000a82        0x2 
 .text.Bootloader_Memory_Write
                0x08000a84      0x134 ./Core/Src/bootloader.o
 .text.Host_Address_Verification
                0x08000bb8       0x50 ./Core/Src/bootloader.o
 .text.Bootloader_CRC_Verify
                0x08000c08       0x70 ./Core/Src/bootloader.o
 .text.Bootloader_Send_NACK
                0x08000c78       0x1c ./Core/Src/bootloader.o
 .text.Bootloader_Send_Data_To_Host
                0x08000c94       0x1e ./Core/Src/bootloader.o
 *fill*         0x08000cb2        0x2 
 .text.RESET_CHIP
                0x08000cb4       0x1c ./Core/Src/bootloader.o
 .text.Firmware_CRC_Verification
                0x08000cd0       0x5c ./Core/Src/bootloader.o
 .text.Flash_Write_Firmware_Info
                0x08000d2c       0xb0 ./Core/Src/bootloader.o
 .text.Flash_Read_Firmware_Info
                0x08000ddc       0x64 ./Core/Src/bootloader.o
 .text.Firmware_Check_Available
                0x08000e40       0xb0 ./Core/Src/bootloader.o
                0x08000e40                Firmware_Check_Available
 .text.Wait_For_Request
                0x08000ef0       0xb0 ./Core/Src/bootloader.o
                0x08000ef0                Wait_For_Request
 .text.__NVIC_GetPriorityGrouping
                0x08000fa0       0x1c ./Core/Src/main.o
 .text.__NVIC_EnableIRQ
                0x08000fbc       0x3c ./Core/Src/main.o
 .text.__NVIC_SetPriority
                0x08000ff8       0x54 ./Core/Src/main.o
 .text.NVIC_EncodePriority
                0x0800104c       0x66 ./Core/Src/main.o
 .text.LL_USART_Enable
                0x080010b2       0x20 ./Core/Src/main.o
 .text.LL_USART_ConfigAsyncMode
                0x080010d2       0x2c ./Core/Src/main.o
 *fill*         0x080010fe        0x2 
 .text.LL_AHB1_GRP1_EnableClock
                0x08001100       0x30 ./Core/Src/main.o
 .text.LL_APB2_GRP1_EnableClock
                0x08001130       0x30 ./Core/Src/main.o
 .text.Status_Led
                0x08001160       0x20 ./Core/Src/main.o
 .text.main     0x08001180       0x2a ./Core/Src/main.o
                0x08001180                main
 *fill*         0x080011aa        0x2 
 .text.SystemClock_Config
                0x080011ac       0xc0 ./Core/Src/main.o
                0x080011ac                SystemClock_Config
 .text.MX_CRC_Init
                0x0800126c       0x28 ./Core/Src/main.o
 .text.MX_USART1_UART_Init
                0x08001294       0xc0 ./Core/Src/main.o
 .text.MX_GPIO_Init
                0x08001354       0x88 ./Core/Src/main.o
 .text.Error_Handler
                0x080013dc        0xc ./Core/Src/main.o
                0x080013dc                Error_Handler
 .text.HAL_MspInit
                0x080013e8       0x50 ./Core/Src/stm32f4xx_hal_msp.o
                0x080013e8                HAL_MspInit
 .text.HAL_CRC_MspInit
                0x08001438       0x44 ./Core/Src/stm32f4xx_hal_msp.o
                0x08001438                HAL_CRC_MspInit
 .text.NMI_Handler
                0x0800147c        0x8 ./Core/Src/stm32f4xx_it.o
                0x0800147c                NMI_Handler
 .text.HardFault_Handler
                0x08001484        0x8 ./Core/Src/stm32f4xx_it.o
                0x08001484                HardFault_Handler
 .text.MemManage_Handler
                0x0800148c        0x8 ./Core/Src/stm32f4xx_it.o
                0x0800148c                MemManage_Handler
 .text.BusFault_Handler
                0x08001494        0x8 ./Core/Src/stm32f4xx_it.o
                0x08001494                BusFault_Handler
 .text.UsageFault_Handler
                0x0800149c        0x8 ./Core/Src/stm32f4xx_it.o
                0x0800149c                UsageFault_Handler
 .text.SVC_Handler
                0x080014a4        0xe ./Core/Src/stm32f4xx_it.o
                0x080014a4                SVC_Handler
 .text.DebugMon_Handler
                0x080014b2        0xe ./Core/Src/stm32f4xx_it.o
                0x080014b2                DebugMon_Handler
 .text.PendSV_Handler
                0x080014c0        0xe ./Core/Src/stm32f4xx_it.o
                0x080014c0                PendSV_Handler
 .text.SysTick_Handler
                0x080014ce       0x10 ./Core/Src/stm32f4xx_it.o
                0x080014ce                SysTick_Handler
 .text.USART1_IRQHandler
                0x080014de        0xc ./Core/Src/stm32f4xx_it.o
                0x080014de                USART1_IRQHandler
 *fill*         0x080014ea        0x2 
 .text.SystemInit
                0x080014ec       0x24 ./Core/Src/system_stm32f4xx.o
                0x080014ec                SystemInit
 .text.Reset_Handler
                0x08001510       0x50 ./Core/Startup/startup_stm32f407vgtx.o
                0x08001510                Reset_Handler
 .text.Default_Handler
                0x08001560        0x2 ./Core/Startup/startup_stm32f407vgtx.o
                0x08001560                RTC_Alarm_IRQHandler
                0x08001560                HASH_RNG_IRQHandler
                0x08001560                EXTI2_IRQHandler
                0x08001560                TIM8_CC_IRQHandler
                0x08001560                TIM1_CC_IRQHandler
                0x08001560                DMA2_Stream5_IRQHandler
                0x08001560                DMA1_Stream5_IRQHandler
                0x08001560                PVD_IRQHandler
                0x08001560                SDIO_IRQHandler
                0x08001560                TAMP_STAMP_IRQHandler
                0x08001560                CAN2_RX1_IRQHandler
                0x08001560                EXTI3_IRQHandler
                0x08001560                TIM8_TRG_COM_TIM14_IRQHandler
                0x08001560                TIM1_UP_TIM10_IRQHandler
                0x08001560                TIM8_UP_TIM13_IRQHandler
                0x08001560                I2C3_ER_IRQHandler
                0x08001560                EXTI0_IRQHandler
                0x08001560                I2C2_EV_IRQHandler
                0x08001560                DMA1_Stream2_IRQHandler
                0x08001560                CAN1_RX0_IRQHandler
                0x08001560                FPU_IRQHandler
                0x08001560                OTG_HS_WKUP_IRQHandler
                0x08001560                CAN2_SCE_IRQHandler
                0x08001560                DMA2_Stream2_IRQHandler
                0x08001560                SPI1_IRQHandler
                0x08001560                TIM6_DAC_IRQHandler
                0x08001560                TIM1_BRK_TIM9_IRQHandler
                0x08001560                DCMI_IRQHandler
                0x08001560                CAN2_RX0_IRQHandler
                0x08001560                DMA2_Stream3_IRQHandler
                0x08001560                USART6_IRQHandler
                0x08001560                USART3_IRQHandler
                0x08001560                CAN1_RX1_IRQHandler
                0x08001560                UART5_IRQHandler
                0x08001560                DMA2_Stream0_IRQHandler
                0x08001560                TIM4_IRQHandler
                0x08001560                I2C1_EV_IRQHandler
                0x08001560                DMA1_Stream6_IRQHandler
                0x08001560                DMA1_Stream1_IRQHandler
                0x08001560                UART4_IRQHandler
                0x08001560                TIM3_IRQHandler
                0x08001560                RCC_IRQHandler
                0x08001560                TIM8_BRK_TIM12_IRQHandler
                0x08001560                Default_Handler
                0x08001560                EXTI15_10_IRQHandler
                0x08001560                ADC_IRQHandler
                0x08001560                DMA1_Stream7_IRQHandler
                0x08001560                TIM7_IRQHandler
                0x08001560                CAN2_TX_IRQHandler
                0x08001560                TIM5_IRQHandler
                0x08001560                DMA2_Stream7_IRQHandler
                0x08001560                I2C3_EV_IRQHandler
                0x08001560                EXTI9_5_IRQHandler
                0x08001560                RTC_WKUP_IRQHandler
                0x08001560                ETH_WKUP_IRQHandler
                0x08001560                SPI2_IRQHandler
                0x08001560                OTG_HS_EP1_IN_IRQHandler
                0x08001560                DMA1_Stream0_IRQHandler
                0x08001560                CAN1_TX_IRQHandler
                0x08001560                EXTI4_IRQHandler
                0x08001560                FSMC_IRQHandler
                0x08001560                ETH_IRQHandler
                0x08001560                OTG_HS_EP1_OUT_IRQHandler
                0x08001560                WWDG_IRQHandler
                0x08001560                TIM2_IRQHandler
                0x08001560                OTG_FS_WKUP_IRQHandler
                0x08001560                TIM1_TRG_COM_TIM11_IRQHandler
                0x08001560                OTG_HS_IRQHandler
                0x08001560                EXTI1_IRQHandler
                0x08001560                USART2_IRQHandler
                0x08001560                I2C2_ER_IRQHandler
                0x08001560                DMA2_Stream1_IRQHandler
                0x08001560                CAN1_SCE_IRQHandler
                0x08001560                FLASH_IRQHandler
                0x08001560                DMA2_Stream4_IRQHandler
                0x08001560                OTG_FS_IRQHandler
                0x08001560                SPI3_IRQHandler
                0x08001560                DMA1_Stream4_IRQHandler
                0x08001560                I2C1_ER_IRQHandler
                0x08001560                DMA2_Stream6_IRQHandler
                0x08001560                DMA1_Stream3_IRQHandler
 *fill*         0x08001562        0x2 
 .text.FLASH_Unlock
                0x08001564       0x28 ./Drivers/Flash/flash.o
                0x08001564                FLASH_Unlock
 .text.FLASH_Lock
                0x0800158c       0x20 ./Drivers/Flash/flash.o
                0x0800158c                FLASH_Lock
 .text.FLASH_WaitForOperation
                0x080015ac       0x38 ./Drivers/Flash/flash.o
 .text.FLASH_Write_Byte
                0x080015e4       0x70 ./Drivers/Flash/flash.o
                0x080015e4                FLASH_Write_Byte
 .text.FLASH_Write_Word
                0x08001654       0x74 ./Drivers/Flash/flash.o
                0x08001654                FLASH_Write_Word
 .text.FLASH_Erase_Sectors
                0x080016c8       0x74 ./Drivers/Flash/flash.o
                0x080016c8                FLASH_Erase_Sectors
 .text.FLASH_Erase_All
                0x0800173c       0x58 ./Drivers/Flash/flash.o
                0x0800173c                FLASH_Erase_All
 .text.HAL_Init
                0x08001794       0x44 ./Drivers/STM32F4xx_HAL_Driver/Src/stm32f4xx_hal.o
                0x08001794                HAL_Init
 .text.HAL_DeInit
                0x080017d8       0x5c ./Drivers/STM32F4xx_HAL_Driver/Src/stm32f4xx_hal.o
                0x080017d8                HAL_DeInit
 .text.HAL_MspDeInit
                0x08001834        0xe ./Drivers/STM32F4xx_HAL_Driver/Src/stm32f4xx_hal.o
                0x08001834                HAL_MspDeInit
 *fill*         0x08001842        0x2 
 .text.HAL_InitTick
                0x08001844       0x60 ./Drivers/STM32F4xx_HAL_Driver/Src/stm32f4xx_hal.o
                0x08001844                HAL_InitTick
 .text.HAL_IncTick
                0x080018a4       0x28 ./Drivers/STM32F4xx_HAL_Driver/Src/stm32f4xx_hal.o
                0x080018a4                HAL_IncTick
 .text.HAL_GetTick
                0x080018cc       0x18 ./Drivers/STM32F4xx_HAL_Driver/Src/stm32f4xx_hal.o
                0x080018cc                HAL_GetTick
 .text.HAL_Delay
                0x080018e4       0x48 ./Drivers/STM32F4xx_HAL_Driver/Src/stm32f4xx_hal.o
                0x080018e4                HAL_Delay
 .text.__NVIC_SetPriorityGrouping
                0x0800192c       0x48 ./Drivers/STM32F4xx_HAL_Driver/Src/stm32f4xx_hal_cortex.o
 .text.__NVIC_GetPriorityGrouping
                0x08001974       0x1c ./Drivers/STM32F4xx_HAL_Driver/Src/stm32f4xx_hal_cortex.o
 .text.__NVIC_SetPriority
                0x08001990       0x54 ./Drivers/STM32F4xx_HAL_Driver/Src/stm32f4xx_hal_cortex.o
 .text.NVIC_EncodePriority
                0x080019e4       0x66 ./Drivers/STM32F4xx_HAL_Driver/Src/stm32f4xx_hal_cortex.o
 *fill*         0x08001a4a        0x2 
 .text.SysTick_Config
                0x08001a4c       0x44 ./Drivers/STM32F4xx_HAL_Driver/Src/stm32f4xx_hal_cortex.o
 .text.HAL_NVIC_SetPriorityGrouping
                0x08001a90       0x16 ./Drivers/STM32F4xx_HAL_Driver/Src/stm32f4xx_hal_cortex.o
                0x08001a90                HAL_NVIC_SetPriorityGrouping
 .text.HAL_NVIC_SetPriority
                0x08001aa6       0x38 ./Drivers/STM32F4xx_HAL_Driver/Src/stm32f4xx_hal_cortex.o
                0x08001aa6                HAL_NVIC_SetPriority
 .text.HAL_SYSTICK_Config
                0x08001ade       0x18 ./Drivers/STM32F4xx_HAL_Driver/Src/stm32f4xx_hal_cortex.o
                0x08001ade                HAL_SYSTICK_Config
 .text.HAL_CRC_Init
                0x08001af6       0x38 ./Drivers/STM32F4xx_HAL_Driver/Src/stm32f4xx_hal_crc.o
                0x08001af6                HAL_CRC_Init
 .text.HAL_FLASHEx_OBGetConfig
                0x08001b2e       0x46 ./Drivers/STM32F4xx_HAL_Driver/Src/stm32f4xx_hal_flash_ex.o
                0x08001b2e                HAL_FLASHEx_OBGetConfig
 .text.FLASH_OB_GetUser
                0x08001b74       0x20 ./Drivers/STM32F4xx_HAL_Driver/Src/stm32f4xx_hal_flash_ex.o
 .text.FLASH_OB_GetWRP
                0x08001b94       0x18 ./Drivers/STM32F4xx_HAL_Driver/Src/stm32f4xx_hal_flash_ex.o
 .text.FLASH_OB_GetRDP
                0x08001bac       0x40 ./Drivers/STM32F4xx_HAL_Driver/Src/stm32f4xx_hal_flash_ex.o
 .text.FLASH_OB_GetBOR
                0x08001bec       0x20 ./Drivers/STM32F4xx_HAL_Driver/Src/stm32f4xx_hal_flash_ex.o
 .text.HAL_GPIO_Init
                0x08001c0c      0x338 ./Drivers/STM32F4xx_HAL_Driver/Src/stm32f4xx_hal_gpio.o
                0x08001c0c                HAL_GPIO_Init
 .text.HAL_GPIO_WritePin
                0x08001f44       0x32 ./Drivers/STM32F4xx_HAL_Driver/Src/stm32f4xx_hal_gpio.o
                0x08001f44                HAL_GPIO_WritePin
 .text.HAL_GPIO_TogglePin
                0x08001f76       0x34 ./Drivers/STM32F4xx_HAL_Driver/Src/stm32f4xx_hal_gpio.o
                0x08001f76                HAL_GPIO_TogglePin
 *fill*         0x08001faa        0x2 
 .text.HAL_RCC_OscConfig
                0x08001fac      0x4f0 ./Drivers/STM32F4xx_HAL_Driver/Src/stm32f4xx_hal_rcc.o
                0x08001fac                HAL_RCC_OscConfig
 .text.HAL_RCC_ClockConfig
                0x0800249c      0x1cc ./Drivers/STM32F4xx_HAL_Driver/Src/stm32f4xx_hal_rcc.o
                0x0800249c                HAL_RCC_ClockConfig
 .text.HAL_RCC_GetSysClockFreq
                0x08002668      0x18c ./Drivers/STM32F4xx_HAL_Driver/Src/stm32f4xx_hal_rcc.o
                0x08002668                HAL_RCC_GetSysClockFreq
 .text.HAL_RCC_DeInit
                0x080027f4      0x19c ./Drivers/STM32F4xx_HAL_Driver/Src/stm32f4xx_hal_rcc_ex.o
                0x080027f4                HAL_RCC_DeInit
 .text.LL_GPIO_SetPinMode
                0x08002990       0x7a ./Drivers/STM32F4xx_HAL_Driver/Src/stm32f4xx_ll_gpio.o
 .text.LL_GPIO_SetPinOutputType
                0x08002a0a       0x30 ./Drivers/STM32F4xx_HAL_Driver/Src/stm32f4xx_ll_gpio.o
 .text.LL_GPIO_SetPinSpeed
                0x08002a3a       0x7a ./Drivers/STM32F4xx_HAL_Driver/Src/stm32f4xx_ll_gpio.o
 .text.LL_GPIO_SetPinPull
                0x08002ab4       0x7a ./Drivers/STM32F4xx_HAL_Driver/Src/stm32f4xx_ll_gpio.o
 .text.LL_GPIO_SetAFPin_0_7
                0x08002b2e       0x7a ./Drivers/STM32F4xx_HAL_Driver/Src/stm32f4xx_ll_gpio.o
 .text.LL_GPIO_SetAFPin_8_15
                0x08002ba8       0x7e ./Drivers/STM32F4xx_HAL_Driver/Src/stm32f4xx_ll_gpio.o
 .text.LL_GPIO_Init
                0x08002c26      0x102 ./Drivers/STM32F4xx_HAL_Driver/Src/stm32f4xx_ll_gpio.o
                0x08002c26                LL_GPIO_Init
 .text.LL_RCC_GetSysClkSource
                0x08002d28       0x1c ./Drivers/STM32F4xx_HAL_Driver/Src/stm32f4xx_ll_rcc.o
 .text.LL_RCC_GetAHBPrescaler
                0x08002d44       0x1c ./Drivers/STM32F4xx_HAL_Driver/Src/stm32f4xx_ll_rcc.o
 .text.LL_RCC_GetAPB1Prescaler
                0x08002d60       0x1c ./Drivers/STM32F4xx_HAL_Driver/Src/stm32f4xx_ll_rcc.o
 .text.LL_RCC_GetAPB2Prescaler
                0x08002d7c       0x1c ./Drivers/STM32F4xx_HAL_Driver/Src/stm32f4xx_ll_rcc.o
 .text.LL_RCC_PLL_GetMainSource
                0x08002d98       0x1c ./Drivers/STM32F4xx_HAL_Driver/Src/stm32f4xx_ll_rcc.o
 .text.LL_RCC_PLL_GetN
                0x08002db4       0x1c ./Drivers/STM32F4xx_HAL_Driver/Src/stm32f4xx_ll_rcc.o
 .text.LL_RCC_PLL_GetP
                0x08002dd0       0x1c ./Drivers/STM32F4xx_HAL_Driver/Src/stm32f4xx_ll_rcc.o
 .text.LL_RCC_PLL_GetDivider
                0x08002dec       0x1c ./Drivers/STM32F4xx_HAL_Driver/Src/stm32f4xx_ll_rcc.o
 .text.LL_RCC_GetSystemClocksFreq
                0x08002e08       0x4a ./Drivers/STM32F4xx_HAL_Driver/Src/stm32f4xx_ll_rcc.o
                0x08002e08                LL_RCC_GetSystemClocksFreq
 *fill*         0x08002e52        0x2 
 .text.RCC_GetSystemClockFreq
                0x08002e54       0x50 ./Drivers/STM32F4xx_HAL_Driver/Src/stm32f4xx_ll_rcc.o
                0x08002e54                RCC_GetSystemClockFreq
 .text.RCC_GetHCLKClockFreq
                0x08002ea4       0x2c ./Drivers/STM32F4xx_HAL_Driver/Src/stm32f4xx_ll_rcc.o
                0x08002ea4                RCC_GetHCLKClockFreq
 .text.RCC_GetPCLK1ClockFreq
                0x08002ed0       0x28 ./Drivers/STM32F4xx_HAL_Driver/Src/stm32f4xx_ll_rcc.o
                0x08002ed0                RCC_GetPCLK1ClockFreq
 .text.RCC_GetPCLK2ClockFreq
                0x08002ef8       0x28 ./Drivers/STM32F4xx_HAL_Driver/Src/stm32f4xx_ll_rcc.o
                0x08002ef8                RCC_GetPCLK2ClockFreq
 .text.RCC_PLL_GetFreqDomain_SYS
                0x08002f20       0x7c ./Drivers/STM32F4xx_HAL_Driver/Src/stm32f4xx_ll_rcc.o
                0x08002f20                RCC_PLL_GetFreqDomain_SYS
 .text.LL_USART_IsEnabled
                0x08002f9c       0x28 ./Drivers/STM32F4xx_HAL_Driver/Src/stm32f4xx_ll_usart.o
 .text.LL_USART_SetStopBitsLength
                0x08002fc4       0x26 ./Drivers/STM32F4xx_HAL_Driver/Src/stm32f4xx_ll_usart.o
 .text.LL_USART_SetHWFlowCtrl
                0x08002fea       0x26 ./Drivers/STM32F4xx_HAL_Driver/Src/stm32f4xx_ll_usart.o
 .text.LL_USART_SetBaudRate
                0x08003010      0x45c ./Drivers/STM32F4xx_HAL_Driver/Src/stm32f4xx_ll_usart.o
 .text.LL_USART_Init
                0x0800346c      0x100 ./Drivers/STM32F4xx_HAL_Driver/Src/stm32f4xx_ll_usart.o
                0x0800346c                LL_USART_Init
 .text.rbuffer_init
                0x0800356c       0x34 ./Drivers/UART/RingBuffer.o
                0x0800356c                rbuffer_init
 .text.rbuffer_full
                0x080035a0       0x28 ./Drivers/UART/RingBuffer.o
                0x080035a0                rbuffer_full
 .text.rbuffer_empty
                0x080035c8       0x26 ./Drivers/UART/RingBuffer.o
                0x080035c8                rbuffer_empty
 .text.rbuffer_insert
                0x080035ee       0x58 ./Drivers/UART/RingBuffer.o
                0x080035ee                rbuffer_insert
 .text.rbuffer_remove
                0x08003646       0x56 ./Drivers/UART/RingBuffer.o
                0x08003646                rbuffer_remove
 .text.LL_USART_IsActiveFlag_RXNE
                0x0800369c       0x26 ./Drivers/UART/UART.o
 .text.LL_USART_IsActiveFlag_TXE
                0x080036c2       0x26 ./Drivers/UART/UART.o
 .text.LL_USART_ClearFlag_RXNE
                0x080036e8       0x1c ./Drivers/UART/UART.o
 .text.LL_USART_EnableIT_RXNE
                0x08003704       0x46 ./Drivers/UART/UART.o
 .text.LL_USART_EnableIT_TXE
                0x0800374a       0x46 ./Drivers/UART/UART.o
 .text.LL_USART_DisableIT_TXE
                0x08003790       0x46 ./Drivers/UART/UART.o
 .text.LL_USART_ReceiveData8
                0x080037d6       0x1a ./Drivers/UART/UART.o
 .text.LL_USART_TransmitData9
                0x080037f0       0x22 ./Drivers/UART/UART.o
 *fill*         0x08003812        0x2 
 .text.USART1_IRQ
                0x08003814       0xa4 ./Drivers/UART/UART.o
                0x08003814                USART1_IRQ
 .text.USART1_init
                0x080038b8       0x30 ./Drivers/UART/UART.o
                0x080038b8                USART1_init
 .text.USART1_send_char
                0x080038e8       0x48 ./Drivers/UART/UART.o
                0x080038e8                USART1_send_char
 .text.USART1_send_string
                0x08003930       0x2a ./Drivers/UART/UART.o
                0x08003930                USART1_send_string
 .text.USART1_send_array
                0x0800395a       0x38 ./Drivers/UART/UART.o
                0x0800395a                USART1_send_array
 *fill*         0x08003992        0x2 
 .text.SchedulerSysTickIntHandler
                0x08003994       0x1c ./Drivers/scheduler/scheduler.o
                0x08003994                SchedulerSysTickIntHandler
 .text.SchedulerRun
                0x080039b0       0x74 ./Drivers/scheduler/scheduler.o
                0x080039b0                SchedulerRun
 .text.SchedulerElapsedTicksGet
                0x08003a24       0x24 ./Drivers/scheduler/scheduler.o
                0x08003a24                SchedulerElapsedTicksGet
 .text.SchedulerElapsedTicksCalc
                0x08003a48       0x1c ./Drivers/scheduler/scheduler.o
                0x08003a48                SchedulerElapsedTicksCalc
 .text.memset   0x08003a64       0x10 C:/ST/STM32CubeIDE_1.16.1/STM32CubeIDE/plugins/com.st.stm32cube.ide.mcu.externaltools.gnu-tools-for-stm32.13.3.rel1.win32_1.0.0.202411081344/tools/bin/../lib/gcc/arm-none-eabi/13.3.1/../../../../arm-none-eabi/lib/thumb/v7e-m+fp/hard\libc_nano.a(libc_a-memset.o)
                0x08003a64                memset
 .text.__libc_init_array
                0x08003a74       0x48 C:/ST/STM32CubeIDE_1.16.1/STM32CubeIDE/plugins/com.st.stm32cube.ide.mcu.externaltools.gnu-tools-for-stm32.13.3.rel1.win32_1.0.0.202411081344/tools/bin/../lib/gcc/arm-none-eabi/13.3.1/../../../../arm-none-eabi/lib/thumb/v7e-m+fp/hard\libc_nano.a(libc_a-init.o)
                0x08003a74                __libc_init_array
 *(.glue_7)
 .glue_7        0x08003abc        0x0 linker stubs
 *(.glue_7t)
 .glue_7t       0x08003abc        0x0 linker stubs
 *(.eh_frame)
 .eh_frame      0x08003abc        0x0 C:/ST/STM32CubeIDE_1.16.1/STM32CubeIDE/plugins/com.st.stm32cube.ide.mcu.externaltools.gnu-tools-for-stm32.13.3.rel1.win32_1.0.0.202411081344/tools/bin/../lib/gcc/arm-none-eabi/13.3.1/thumb/v7e-m+fp/hard/crtbegin.o
 *(.init)
 .init          0x08003abc        0x4 C:/ST/STM32CubeIDE_1.16.1/STM32CubeIDE/plugins/com.st.stm32cube.ide.mcu.externaltools.gnu-tools-for-stm32.13.3.rel1.win32_1.0.0.202411081344/tools/bin/../lib/gcc/arm-none-eabi/13.3.1/thumb/v7e-m+fp/hard/crti.o
                0x08003abc                _init
 .init          0x08003ac0        0x8 C:/ST/STM32CubeIDE_1.16.1/STM32CubeIDE/plugins/com.st.stm32cube.ide.mcu.externaltools.gnu-tools-for-stm32.13.3.rel1.win32_1.0.0.202411081344/tools/bin/../lib/gcc/arm-none-eabi/13.3.1/thumb/v7e-m+fp/hard/crtn.o
 *(.fini)
 .fini          0x08003ac8        0x4 C:/ST/STM32CubeIDE_1.16.1/STM32CubeIDE/plugins/com.st.stm32cube.ide.mcu.externaltools.gnu-tools-for-stm32.13.3.rel1.win32_1.0.0.202411081344/tools/bin/../lib/gcc/arm-none-eabi/13.3.1/thumb/v7e-m+fp/hard/crti.o
                0x08003ac8                _fini
 .fini          0x08003acc        0x8 C:/ST/STM32CubeIDE_1.16.1/STM32CubeIDE/plugins/com.st.stm32cube.ide.mcu.externaltools.gnu-tools-for-stm32.13.3.rel1.win32_1.0.0.202411081344/tools/bin/../lib/gcc/arm-none-eabi/13.3.1/thumb/v7e-m+fp/hard/crtn.o
                0x08003ad4                        . = ALIGN (0x4)
                0x08003ad4                        _etext = .

.vfp11_veneer   0x08003ad4        0x0
 .vfp11_veneer  0x08003ad4        0x0 linker stubs

.v4_bx          0x08003ad4        0x0
 .v4_bx         0x08003ad4        0x0 linker stubs

.iplt           0x08003ad4        0x0
 .iplt          0x08003ad4        0x0 C:/ST/STM32CubeIDE_1.16.1/STM32CubeIDE/plugins/com.st.stm32cube.ide.mcu.externaltools.gnu-tools-for-stm32.13.3.rel1.win32_1.0.0.202411081344/tools/bin/../lib/gcc/arm-none-eabi/13.3.1/thumb/v7e-m+fp/hard/crtbegin.o

.rodata         0x08003ad4      0x180
                0x08003ad4                        . = ALIGN (0x4)
 *(.rodata)
 .rodata        0x08003ad4      0x167 ./Core/Src/bootloader.o
 *(.rodata*)
 *fill*         0x08003c3b        0x1 
 .rodata.AHBPrescTable
                0x08003c3c       0x10 ./Core/Src/system_stm32f4xx.o
                0x08003c3c                AHBPrescTable
 .rodata.APBPrescTable
                0x08003c4c        0x8 ./Core/Src/system_stm32f4xx.o
                0x08003c4c                APBPrescTable
                0x08003c54                        . = ALIGN (0x4)

.ARM.extab      0x08003c54        0x0
                0x08003c54                        . = ALIGN (0x4)
 *(.ARM.extab* .gnu.linkonce.armextab.*)
                0x08003c54                        . = ALIGN (0x4)

.ARM            0x08003c54        0x8
                0x08003c54                        . = ALIGN (0x4)
                0x08003c54                        __exidx_start = .
 *(.ARM.exidx*)
 .ARM.exidx     0x08003c54        0x8 C:/ST/STM32CubeIDE_1.16.1/STM32CubeIDE/plugins/com.st.stm32cube.ide.mcu.externaltools.gnu-tools-for-stm32.13.3.rel1.win32_1.0.0.202411081344/tools/bin/../lib/gcc/arm-none-eabi/13.3.1/thumb/v7e-m+fp/hard\libgcc.a(_udivmoddi4.o)
                0x08003c5c                        __exidx_end = .
                0x08003c5c                        . = ALIGN (0x4)

.preinit_array  0x08003c5c        0x0
                0x08003c5c                        . = ALIGN (0x4)
                0x08003c5c                        PROVIDE (__preinit_array_start = .)
 *(.preinit_array*)
                0x08003c5c                        PROVIDE (__preinit_array_end = .)
                0x08003c5c                        . = ALIGN (0x4)

.init_array     0x08003c5c        0x4
                0x08003c5c                        . = ALIGN (0x4)
                0x08003c5c                        PROVIDE (__init_array_start = .)
 *(SORT_BY_NAME(.init_array.*))
 *(.init_array*)
 .init_array    0x08003c5c        0x4 C:/ST/STM32CubeIDE_1.16.1/STM32CubeIDE/plugins/com.st.stm32cube.ide.mcu.externaltools.gnu-tools-for-stm32.13.3.rel1.win32_1.0.0.202411081344/tools/bin/../lib/gcc/arm-none-eabi/13.3.1/thumb/v7e-m+fp/hard/crtbegin.o
                0x08003c60                        PROVIDE (__init_array_end = .)
                0x08003c60                        . = ALIGN (0x4)

.fini_array     0x08003c60        0x4
                0x08003c60                        . = ALIGN (0x4)
                [!provide]                        PROVIDE (__fini_array_start = .)
 *(SORT_BY_NAME(.fini_array.*))
 *(.fini_array*)
 .fini_array    0x08003c60        0x4 C:/ST/STM32CubeIDE_1.16.1/STM32CubeIDE/plugins/com.st.stm32cube.ide.mcu.externaltools.gnu-tools-for-stm32.13.3.rel1.win32_1.0.0.202411081344/tools/bin/../lib/gcc/arm-none-eabi/13.3.1/thumb/v7e-m+fp/hard/crtbegin.o
                [!provide]                        PROVIDE (__fini_array_end = .)
                0x08003c64                        . = ALIGN (0x4)
                0x08003c64                        _sidata = LOADADDR (.data)

.rel.dyn        0x08003c64        0x0
 .rel.iplt      0x08003c64        0x0 C:/ST/STM32CubeIDE_1.16.1/STM32CubeIDE/plugins/com.st.stm32cube.ide.mcu.externaltools.gnu-tools-for-stm32.13.3.rel1.win32_1.0.0.202411081344/tools/bin/../lib/gcc/arm-none-eabi/13.3.1/thumb/v7e-m+fp/hard/crtbegin.o

.data           0x20000000       0x60 load address 0x08003c64
                0x20000000                        . = ALIGN (0x4)
                0x20000000                        _sdata = .
 *(.data)
 *(.data*)
 .data.Firmware1
                0x20000000       0x10 ./Core/Src/bootloader.o
                0x20000000                Firmware1
 .data.Firmware2
                0x20000010       0x10 ./Core/Src/bootloader.o
                0x20000010                Firmware2
 .data.firmware_sel
                0x20000020        0x1 ./Core/Src/bootloader.o
 *fill*         0x20000021        0x3 
 .data.g_ui32SchedulerNumTasks
                0x20000024        0x4 ./Core/Src/main.o
                0x20000024                g_ui32SchedulerNumTasks
 .data.g_psSchedulerTable
                0x20000028       0x28 ./Core/Src/main.o
                0x20000028                g_psSchedulerTable
 .data.SystemCoreClock
                0x20000050        0x4 ./Core/Src/system_stm32f4xx.o
                0x20000050                SystemCoreClock
 .data.uwTickPrio
                0x20000054        0x4 ./Drivers/STM32F4xx_HAL_Driver/Src/stm32f4xx_hal.o
                0x20000054                uwTickPrio
 .data.uwTickFreq
                0x20000058        0x1 ./Drivers/STM32F4xx_HAL_Driver/Src/stm32f4xx_hal.o
                0x20000058                uwTickFreq
 *fill*         0x20000059        0x3 
 .data.p_UART1_meta
                0x2000005c        0x4 ./Drivers/UART/UART.o
                0x2000005c                p_UART1_meta
 *(.RamFunc)
 *(.RamFunc*)
                0x20000060                        . = ALIGN (0x4)
                0x20000060                        _edata = .
                0x08003cc4                        _siccmram = LOADADDR (.ccmram)

.igot.plt       0x20000060        0x0 load address 0x08003cc4
 .igot.plt      0x20000060        0x0 C:/ST/STM32CubeIDE_1.16.1/STM32CubeIDE/plugins/com.st.stm32cube.ide.mcu.externaltools.gnu-tools-for-stm32.13.3.rel1.win32_1.0.0.202411081344/tools/bin/../lib/gcc/arm-none-eabi/13.3.1/thumb/v7e-m+fp/hard/crtbegin.o

.ccmram         0x10000000        0x0 load address 0x08003cc4
                0x10000000                        . = ALIGN (0x4)
                0x10000000                        _sccmram = .
 *(.ccmram)
 *(.ccmram*)
                0x10000000                        . = ALIGN (0x4)
                0x10000000                        _eccmram = .
                0x10000000                        . = ALIGN (0x4)

.bss            0x20000060      0x2e8
                0x20000060                        _sbss = .
                0x20000060                        __bss_start__ = _sbss
 *(.bss)
 .bss           0x20000060       0x1c C:/ST/STM32CubeIDE_1.16.1/STM32CubeIDE/plugins/com.st.stm32cube.ide.mcu.externaltools.gnu-tools-for-stm32.13.3.rel1.win32_1.0.0.202411081344/tools/bin/../lib/gcc/arm-none-eabi/13.3.1/thumb/v7e-m+fp/hard/crtbegin.o
 *(.bss*)
 .bss.Temp_Firmware
                0x2000007c       0x10 ./Core/Src/bootloader.o
                0x2000007c                Temp_Firmware
 .bss.BL_Host_Buffer
                0x2000008c       0x96 ./Core/Src/bootloader.o
 .bss.appExists
                0x20000122        0x1 ./Core/Src/bootloader.o
 .bss.frame_index
                0x20000123        0x1 ./Core/Src/bootloader.o
                0x20000123                frame_index
 .bss.frame_length
                0x20000124        0x1 ./Core/Src/bootloader.o
                0x20000124                frame_length
 .bss.receiving_frame
                0x20000125        0x1 ./Core/Src/bootloader.o
                0x20000125                receiving_frame
 *fill*         0x20000126        0x2 
 .bss.hcrc      0x20000128        0x8 ./Core/Src/main.o
                0x20000128                hcrc
 .bss.uwTick    0x20000130        0x4 ./Drivers/STM32F4xx_HAL_Driver/Src/stm32f4xx_hal.o
                0x20000130                uwTick
 .bss.UART1_meta
                0x20000134      0x20e ./Drivers/UART/UART.o
                0x20000134                UART1_meta
 *fill*         0x20000342        0x2 
 .bss.g_ui32SchedulerTickCount
                0x20000344        0x4 ./Drivers/scheduler/scheduler.o
 *(COMMON)
                0x20000348                        . = ALIGN (0x4)
                0x20000348                        _ebss = .
                0x20000348                        __bss_end__ = _ebss

._user_heap_stack
                0x20000348      0x600
                0x20000348                        . = ALIGN (0x8)
                [!provide]                        PROVIDE (end = .)
                0x20000348                        PROVIDE (_end = .)
                0x20000548                        . = (. + _Min_Heap_Size)
 *fill*         0x20000348      0x200 
                0x20000948                        . = (. + _Min_Stack_Size)
 *fill*         0x20000548      0x400 
                0x20000948                        . = ALIGN (0x8)

/DISCARD/
 libc.a(*)
 libm.a(*)
 libgcc.a(*)

.ARM.attributes
                0x00000000       0x30
 *(.ARM.attributes)
 .ARM.attributes
                0x00000000       0x22 C:/ST/STM32CubeIDE_1.16.1/STM32CubeIDE/plugins/com.st.stm32cube.ide.mcu.externaltools.gnu-tools-for-stm32.13.3.rel1.win32_1.0.0.202411081344/tools/bin/../lib/gcc/arm-none-eabi/13.3.1/thumb/v7e-m+fp/hard/crti.o
 .ARM.attributes
                0x00000022       0x34 C:/ST/STM32CubeIDE_1.16.1/STM32CubeIDE/plugins/com.st.stm32cube.ide.mcu.externaltools.gnu-tools-for-stm32.13.3.rel1.win32_1.0.0.202411081344/tools/bin/../lib/gcc/arm-none-eabi/13.3.1/thumb/v7e-m+fp/hard/crtbegin.o
 .ARM.attributes
                0x00000056       0x34 ./Core/Src/bootloader.o
 .ARM.attributes
                0x0000008a       0x34 ./Core/Src/main.o
 .ARM.attributes
                0x000000be       0x34 ./Core/Src/stm32f4xx_hal_msp.o
 .ARM.attributes
                0x000000f2       0x34 ./Core/Src/stm32f4xx_it.o
 .ARM.attributes
                0x00000126       0x34 ./Core/Src/system_stm32f4xx.o
 .ARM.attributes
                0x0000015a       0x21 ./Core/Startup/startup_stm32f407vgtx.o
 .ARM.attributes
                0x0000017b       0x34 ./Drivers/Flash/flash.o
 .ARM.attributes
                0x000001af       0x34 ./Drivers/STM32F4xx_HAL_Driver/Src/stm32f4xx_hal.o
 .ARM.attributes
                0x000001e3       0x34 ./Drivers/STM32F4xx_HAL_Driver/Src/stm32f4xx_hal_cortex.o
 .ARM.attributes
                0x00000217       0x34 ./Drivers/STM32F4xx_HAL_Driver/Src/stm32f4xx_hal_crc.o
 .ARM.attributes
                0x0000024b       0x34 ./Drivers/STM32F4xx_HAL_Driver/Src/stm32f4xx_hal_flash_ex.o
 .ARM.attributes
                0x0000027f       0x34 ./Drivers/STM32F4xx_HAL_Driver/Src/stm32f4xx_hal_gpio.o
 .ARM.attributes
                0x000002b3       0x34 ./Drivers/STM32F4xx_HAL_Driver/Src/stm32f4xx_hal_rcc.o
 .ARM.attributes
                0x000002e7       0x34 ./Drivers/STM32F4xx_HAL_Driver/Src/stm32f4xx_hal_rcc_ex.o
 .ARM.attributes
                0x0000031b       0x34 ./Drivers/STM32F4xx_HAL_Driver/Src/stm32f4xx_ll_gpio.o
 .ARM.attributes
                0x0000034f       0x34 ./Drivers/STM32F4xx_HAL_Driver/Src/stm32f4xx_ll_rcc.o
 .ARM.attributes
                0x00000383       0x34 ./Drivers/STM32F4xx_HAL_Driver/Src/stm32f4xx_ll_usart.o
 .ARM.attributes
                0x000003b7       0x34 ./Drivers/UART/RingBuffer.o
 .ARM.attributes
                0x000003eb       0x34 ./Drivers/UART/UART.o
 .ARM.attributes
                0x0000041f       0x34 ./Drivers/scheduler/scheduler.o
 .ARM.attributes
                0x00000453       0x34 C:/ST/STM32CubeIDE_1.16.1/STM32CubeIDE/plugins/com.st.stm32cube.ide.mcu.externaltools.gnu-tools-for-stm32.13.3.rel1.win32_1.0.0.202411081344/tools/bin/../lib/gcc/arm-none-eabi/13.3.1/../../../../arm-none-eabi/lib/thumb/v7e-m+fp/hard\libc_nano.a(libc_a-memset.o)
 .ARM.attributes
                0x00000487       0x34 C:/ST/STM32CubeIDE_1.16.1/STM32CubeIDE/plugins/com.st.stm32cube.ide.mcu.externaltools.gnu-tools-for-stm32.13.3.rel1.win32_1.0.0.202411081344/tools/bin/../lib/gcc/arm-none-eabi/13.3.1/../../../../arm-none-eabi/lib/thumb/v7e-m+fp/hard\libc_nano.a(libc_a-init.o)
 .ARM.attributes
                0x000004bb       0x22 C:/ST/STM32CubeIDE_1.16.1/STM32CubeIDE/plugins/com.st.stm32cube.ide.mcu.externaltools.gnu-tools-for-stm32.13.3.rel1.win32_1.0.0.202411081344/tools/bin/../lib/gcc/arm-none-eabi/13.3.1/thumb/v7e-m+fp/hard\libgcc.a(_aeabi_uldivmod.o)
 .ARM.attributes
                0x000004dd       0x34 C:/ST/STM32CubeIDE_1.16.1/STM32CubeIDE/plugins/com.st.stm32cube.ide.mcu.externaltools.gnu-tools-for-stm32.13.3.rel1.win32_1.0.0.202411081344/tools/bin/../lib/gcc/arm-none-eabi/13.3.1/thumb/v7e-m+fp/hard\libgcc.a(_udivmoddi4.o)
 .ARM.attributes
                0x00000511       0x22 C:/ST/STM32CubeIDE_1.16.1/STM32CubeIDE/plugins/com.st.stm32cube.ide.mcu.externaltools.gnu-tools-for-stm32.13.3.rel1.win32_1.0.0.202411081344/tools/bin/../lib/gcc/arm-none-eabi/13.3.1/thumb/v7e-m+fp/hard\libgcc.a(_dvmd_tls.o)
 .ARM.attributes
                0x00000533       0x22 C:/ST/STM32CubeIDE_1.16.1/STM32CubeIDE/plugins/com.st.stm32cube.ide.mcu.externaltools.gnu-tools-for-stm32.13.3.rel1.win32_1.0.0.202411081344/tools/bin/../lib/gcc/arm-none-eabi/13.3.1/thumb/v7e-m+fp/hard/crtn.o
OUTPUT(NANORACK_V2_FW_BOOTLOADER_V1.0.elf elf32-littlearm)
LOAD linker stubs
LOAD C:/ST/STM32CubeIDE_1.16.1/STM32CubeIDE/plugins/com.st.stm32cube.ide.mcu.externaltools.gnu-tools-for-stm32.13.3.rel1.win32_1.0.0.202411081344/tools/bin/../lib/gcc/arm-none-eabi/13.3.1/../../../../arm-none-eabi/lib/thumb/v7e-m+fp/hard\libc.a
LOAD C:/ST/STM32CubeIDE_1.16.1/STM32CubeIDE/plugins/com.st.stm32cube.ide.mcu.externaltools.gnu-tools-for-stm32.13.3.rel1.win32_1.0.0.202411081344/tools/bin/../lib/gcc/arm-none-eabi/13.3.1/../../../../arm-none-eabi/lib/thumb/v7e-m+fp/hard\libm.a
LOAD C:/ST/STM32CubeIDE_1.16.1/STM32CubeIDE/plugins/com.st.stm32cube.ide.mcu.externaltools.gnu-tools-for-stm32.13.3.rel1.win32_1.0.0.202411081344/tools/bin/../lib/gcc/arm-none-eabi/13.3.1/thumb/v7e-m+fp/hard\libgcc.a

.debug_info     0x00000000     0x8c11
 .debug_info    0x00000000     0x11ee ./Core/Src/bootloader.o
 .debug_info    0x000011ee     0x125c ./Core/Src/main.o
 .debug_info    0x0000244a      0x41a ./Core/Src/stm32f4xx_hal_msp.o
 .debug_info    0x00002864      0x188 ./Core/Src/stm32f4xx_it.o
 .debug_info    0x000029ec      0x512 ./Core/Src/system_stm32f4xx.o
 .debug_info    0x00002efe       0x30 ./Core/Startup/startup_stm32f407vgtx.o
 .debug_info    0x00002f2e      0x299 ./Drivers/Flash/flash.o
 .debug_info    0x000031c7      0x944 ./Drivers/STM32F4xx_HAL_Driver/Src/stm32f4xx_hal.o
 .debug_info    0x00003b0b      0xd8c ./Drivers/STM32F4xx_HAL_Driver/Src/stm32f4xx_hal_cortex.o
 .debug_info    0x00004897      0x37f ./Drivers/STM32F4xx_HAL_Driver/Src/stm32f4xx_hal_crc.o
 .debug_info    0x00004c16      0x67f ./Drivers/STM32F4xx_HAL_Driver/Src/stm32f4xx_hal_flash_ex.o
 .debug_info    0x00005295      0x6c3 ./Drivers/STM32F4xx_HAL_Driver/Src/stm32f4xx_hal_gpio.o
 .debug_info    0x00005958      0x8af ./Drivers/STM32F4xx_HAL_Driver/Src/stm32f4xx_hal_rcc.o
 .debug_info    0x00006207      0x536 ./Drivers/STM32F4xx_HAL_Driver/Src/stm32f4xx_hal_rcc_ex.o
 .debug_info    0x0000673d      0x927 ./Drivers/STM32F4xx_HAL_Driver/Src/stm32f4xx_ll_gpio.o
 .debug_info    0x00007064      0x74b ./Drivers/STM32F4xx_HAL_Driver/Src/stm32f4xx_ll_rcc.o
 .debug_info    0x000077af      0x6f2 ./Drivers/STM32F4xx_HAL_Driver/Src/stm32f4xx_ll_usart.o
 .debug_info    0x00007ea1      0x282 ./Drivers/UART/RingBuffer.o
 .debug_info    0x00008123      0x7f9 ./Drivers/UART/UART.o
 .debug_info    0x0000891c      0x2f5 ./Drivers/scheduler/scheduler.o

.debug_abbrev   0x00000000     0x27d9
 .debug_abbrev  0x00000000      0x427 ./Core/Src/bootloader.o
 .debug_abbrev  0x00000427      0x36d ./Core/Src/main.o
 .debug_abbrev  0x00000794      0x15a ./Core/Src/stm32f4xx_hal_msp.o
 .debug_abbrev  0x000008ee       0xc6 ./Core/Src/stm32f4xx_it.o
 .debug_abbrev  0x000009b4      0x11a ./Core/Src/system_stm32f4xx.o
 .debug_abbrev  0x00000ace       0x24 ./Core/Startup/startup_stm32f407vgtx.o
 .debug_abbrev  0x00000af2      0x13e ./Drivers/Flash/flash.o
 .debug_abbrev  0x00000c30      0x214 ./Drivers/STM32F4xx_HAL_Driver/Src/stm32f4xx_hal.o
 .debug_abbrev  0x00000e44      0x31d ./Drivers/STM32F4xx_HAL_Driver/Src/stm32f4xx_hal_cortex.o
 .debug_abbrev  0x00001161      0x1b1 ./Drivers/STM32F4xx_HAL_Driver/Src/stm32f4xx_hal_crc.o
 .debug_abbrev  0x00001312      0x249 ./Drivers/STM32F4xx_HAL_Driver/Src/stm32f4xx_hal_flash_ex.o
 .debug_abbrev  0x0000155b      0x1d4 ./Drivers/STM32F4xx_HAL_Driver/Src/stm32f4xx_hal_gpio.o
 .debug_abbrev  0x0000172f      0x2b7 ./Drivers/STM32F4xx_HAL_Driver/Src/stm32f4xx_hal_rcc.o
 .debug_abbrev  0x000019e6      0x1b0 ./Drivers/STM32F4xx_HAL_Driver/Src/stm32f4xx_hal_rcc_ex.o
 .debug_abbrev  0x00001b96      0x237 ./Drivers/STM32F4xx_HAL_Driver/Src/stm32f4xx_ll_gpio.o
 .debug_abbrev  0x00001dcd      0x1ed ./Drivers/STM32F4xx_HAL_Driver/Src/stm32f4xx_ll_rcc.o
 .debug_abbrev  0x00001fba      0x1f2 ./Drivers/STM32F4xx_HAL_Driver/Src/stm32f4xx_ll_usart.o
 .debug_abbrev  0x000021ac      0x137 ./Drivers/UART/RingBuffer.o
 .debug_abbrev  0x000022e3      0x314 ./Drivers/UART/UART.o
 .debug_abbrev  0x000025f7      0x1e2 ./Drivers/scheduler/scheduler.o

.debug_aranges  0x00000000      0xa50
 .debug_aranges
                0x00000000       0xd8 ./Core/Src/bootloader.o
 .debug_aranges
                0x000000d8       0x90 ./Core/Src/main.o
 .debug_aranges
                0x00000168       0x30 ./Core/Src/stm32f4xx_hal_msp.o
 .debug_aranges
                0x00000198       0x68 ./Core/Src/stm32f4xx_it.o
 .debug_aranges
                0x00000200       0x28 ./Core/Src/system_stm32f4xx.o
 .debug_aranges
                0x00000228       0x28 ./Core/Startup/startup_stm32f407vgtx.o
 .debug_aranges
                0x00000250       0x58 ./Drivers/Flash/flash.o
 .debug_aranges
                0x000002a8       0xf0 ./Drivers/STM32F4xx_HAL_Driver/Src/stm32f4xx_hal.o
 .debug_aranges
                0x00000398      0x130 ./Drivers/STM32F4xx_HAL_Driver/Src/stm32f4xx_hal_cortex.o
 .debug_aranges
                0x000004c8       0x50 ./Drivers/STM32F4xx_HAL_Driver/Src/stm32f4xx_hal_crc.o
 .debug_aranges
                0x00000518       0x98 ./Drivers/STM32F4xx_HAL_Driver/Src/stm32f4xx_hal_flash_ex.o
 .debug_aranges
                0x000005b0       0x58 ./Drivers/STM32F4xx_HAL_Driver/Src/stm32f4xx_hal_gpio.o
 .debug_aranges
                0x00000608       0x88 ./Drivers/STM32F4xx_HAL_Driver/Src/stm32f4xx_hal_rcc.o
 .debug_aranges
                0x00000690       0x48 ./Drivers/STM32F4xx_HAL_Driver/Src/stm32f4xx_hal_rcc_ex.o
 .debug_aranges
                0x000006d8       0x70 ./Drivers/STM32F4xx_HAL_Driver/Src/stm32f4xx_ll_gpio.o
 .debug_aranges
                0x00000748      0x118 ./Drivers/STM32F4xx_HAL_Driver/Src/stm32f4xx_ll_rcc.o
 .debug_aranges
                0x00000860       0x88 ./Drivers/STM32F4xx_HAL_Driver/Src/stm32f4xx_ll_usart.o
 .debug_aranges
                0x000008e8       0x48 ./Drivers/UART/RingBuffer.o
 .debug_aranges
                0x00000930       0xc0 ./Drivers/UART/UART.o
 .debug_aranges
                0x000009f0       0x60 ./Drivers/scheduler/scheduler.o

.debug_rnglists
                0x00000000      0x77e
 .debug_rnglists
                0x00000000       0xa5 ./Core/Src/bootloader.o
 .debug_rnglists
                0x000000a5       0x6a ./Core/Src/main.o
 .debug_rnglists
                0x0000010f       0x1f ./Core/Src/stm32f4xx_hal_msp.o
 .debug_rnglists
                0x0000012e       0x49 ./Core/Src/stm32f4xx_it.o
 .debug_rnglists
                0x00000177       0x1a ./Core/Src/system_stm32f4xx.o
 .debug_rnglists
                0x00000191       0x19 ./Core/Startup/startup_stm32f407vgtx.o
 .debug_rnglists
                0x000001aa       0x3d ./Drivers/Flash/flash.o
 .debug_rnglists
                0x000001e7       0xaf ./Drivers/STM32F4xx_HAL_Driver/Src/stm32f4xx_hal.o
 .debug_rnglists
                0x00000296       0xe0 ./Drivers/STM32F4xx_HAL_Driver/Src/stm32f4xx_hal_cortex.o
 .debug_rnglists
                0x00000376       0x37 ./Drivers/STM32F4xx_HAL_Driver/Src/stm32f4xx_hal_crc.o
 .debug_rnglists
                0x000003ad       0x72 ./Drivers/STM32F4xx_HAL_Driver/Src/stm32f4xx_hal_flash_ex.o
 .debug_rnglists
                0x0000041f       0x3f ./Drivers/STM32F4xx_HAL_Driver/Src/stm32f4xx_hal_gpio.o
 .debug_rnglists
                0x0000045e       0x66 ./Drivers/STM32F4xx_HAL_Driver/Src/stm32f4xx_hal_rcc.o
 .debug_rnglists
                0x000004c4       0x35 ./Drivers/STM32F4xx_HAL_Driver/Src/stm32f4xx_hal_rcc_ex.o
 .debug_rnglists
                0x000004f9       0x51 ./Drivers/STM32F4xx_HAL_Driver/Src/stm32f4xx_ll_gpio.o
 .debug_rnglists
                0x0000054a       0xce ./Drivers/STM32F4xx_HAL_Driver/Src/stm32f4xx_ll_rcc.o
 .debug_rnglists
                0x00000618       0x64 ./Drivers/STM32F4xx_HAL_Driver/Src/stm32f4xx_ll_usart.o
 .debug_rnglists
                0x0000067c       0x31 ./Drivers/UART/RingBuffer.o
 .debug_rnglists
                0x000006ad       0x8d ./Drivers/UART/UART.o
 .debug_rnglists
                0x0000073a       0x44 ./Drivers/scheduler/scheduler.o

.debug_macro    0x00000000    0x21d75
 .debug_macro   0x00000000      0x305 ./Core/Src/bootloader.o
 .debug_macro   0x00000305      0xade ./Core/Src/bootloader.o
 .debug_macro   0x00000de3       0x58 ./Core/Src/bootloader.o
 .debug_macro   0x00000e3b       0x22 ./Core/Src/bootloader.o
 .debug_macro   0x00000e5d       0x5b ./Core/Src/bootloader.o
 .debug_macro   0x00000eb8       0x2a ./Core/Src/bootloader.o
 .debug_macro   0x00000ee2       0x94 ./Core/Src/bootloader.o
 .debug_macro   0x00000f76       0x43 ./Core/Src/bootloader.o
 .debug_macro   0x00000fb9       0x34 ./Core/Src/bootloader.o
 .debug_macro   0x00000fed       0x16 ./Core/Src/bootloader.o
 .debug_macro   0x00001003       0x57 ./Core/Src/bootloader.o
 .debug_macro   0x0000105a       0x9e ./Core/Src/bootloader.o
 .debug_macro   0x000010f8      0x370 ./Core/Src/bootloader.o
 .debug_macro   0x00001468      0x112 ./Core/Src/bootloader.o
 .debug_macro   0x0000157a       0x16 ./Core/Src/bootloader.o
 .debug_macro   0x00001590       0x4a ./Core/Src/bootloader.o
 .debug_macro   0x000015da       0x34 ./Core/Src/bootloader.o
 .debug_macro   0x0000160e       0x10 ./Core/Src/bootloader.o
 .debug_macro   0x0000161e       0x58 ./Core/Src/bootloader.o
 .debug_macro   0x00001676       0x8e ./Core/Src/bootloader.o
 .debug_macro   0x00001704       0x1c ./Core/Src/bootloader.o
 .debug_macro   0x00001720      0x185 ./Core/Src/bootloader.o
 .debug_macro   0x000018a5       0x16 ./Core/Src/bootloader.o
 .debug_macro   0x000018bb       0x16 ./Core/Src/bootloader.o
 .debug_macro   0x000018d1      0x146 ./Core/Src/bootloader.o
 .debug_macro   0x00001a17       0x16 ./Core/Src/bootloader.o
 .debug_macro   0x00001a2d       0x3c ./Core/Src/bootloader.o
 .debug_macro   0x00001a69       0x20 ./Core/Src/bootloader.o
 .debug_macro   0x00001a89       0x22 ./Core/Src/bootloader.o
 .debug_macro   0x00001aab      0x295 ./Core/Src/bootloader.o
 .debug_macro   0x00001d40       0x2e ./Core/Src/bootloader.o
 .debug_macro   0x00001d6e       0x2f ./Core/Src/bootloader.o
 .debug_macro   0x00001d9d      0x103 ./Core/Src/bootloader.o
 .debug_macro   0x00001ea0       0x6a ./Core/Src/bootloader.o
 .debug_macro   0x00001f0a      0x1df ./Core/Src/bootloader.o
 .debug_macro   0x000020e9       0x1c ./Core/Src/bootloader.o
 .debug_macro   0x00002105       0x22 ./Core/Src/bootloader.o
 .debug_macro   0x00002127       0xfb ./Core/Src/bootloader.o
 .debug_macro   0x00002222     0x1011 ./Core/Src/bootloader.o
 .debug_macro   0x00003233      0x11f ./Core/Src/bootloader.o
 .debug_macro   0x00003352    0x15e97 ./Core/Src/bootloader.o
 .debug_macro   0x000191e9       0x6d ./Core/Src/bootloader.o
 .debug_macro   0x00019256     0x369a ./Core/Src/bootloader.o
 .debug_macro   0x0001c8f0       0x56 ./Core/Src/bootloader.o
 .debug_macro   0x0001c946      0x980 ./Core/Src/bootloader.o
 .debug_macro   0x0001d2c6      0x9e9 ./Core/Src/bootloader.o
 .debug_macro   0x0001dcaf      0x115 ./Core/Src/bootloader.o
 .debug_macro   0x0001ddc4      0x13e ./Core/Src/bootloader.o
 .debug_macro   0x0001df02       0xa5 ./Core/Src/bootloader.o
 .debug_macro   0x0001dfa7      0x174 ./Core/Src/bootloader.o
 .debug_macro   0x0001e11b      0x287 ./Core/Src/bootloader.o
 .debug_macro   0x0001e3a2       0x5f ./Core/Src/bootloader.o
 .debug_macro   0x0001e401      0x236 ./Core/Src/bootloader.o
 .debug_macro   0x0001e637       0x22 ./Core/Src/bootloader.o
 .debug_macro   0x0001e659      0x12c ./Core/Src/bootloader.o
 .debug_macro   0x0001e785      0x21e ./Core/Src/bootloader.o
 .debug_macro   0x0001e9a3       0x2e ./Core/Src/bootloader.o
 .debug_macro   0x0001e9d1      0x127 ./Core/Src/bootloader.o
 .debug_macro   0x0001eaf8       0x7e ./Core/Src/bootloader.o
 .debug_macro   0x0001eb76       0x89 ./Core/Src/bootloader.o
 .debug_macro   0x0001ebff      0x12d ./Core/Src/bootloader.o
 .debug_macro   0x0001ed2c      0x14e ./Core/Src/bootloader.o
 .debug_macro   0x0001ee7a      0x1d5 ./Core/Src/bootloader.o
 .debug_macro   0x0001f04f      0x264 ./Core/Src/main.o
 .debug_macro   0x0001f2b3      0x154 ./Core/Src/main.o
 .debug_macro   0x0001f407      0x21e ./Core/Src/stm32f4xx_hal_msp.o
 .debug_macro   0x0001f625      0x25f ./Core/Src/stm32f4xx_it.o
 .debug_macro   0x0001f884      0x1ba ./Core/Src/system_stm32f4xx.o
 .debug_macro   0x0001fa3e      0x1d0 ./Drivers/Flash/flash.o
 .debug_macro   0x0001fc0e      0x21a ./Drivers/STM32F4xx_HAL_Driver/Src/stm32f4xx_hal.o
 .debug_macro   0x0001fe28      0x1ba ./Drivers/STM32F4xx_HAL_Driver/Src/stm32f4xx_hal_cortex.o
 .debug_macro   0x0001ffe2      0x1ba ./Drivers/STM32F4xx_HAL_Driver/Src/stm32f4xx_hal_crc.o
 .debug_macro   0x0002019c      0x1c0 ./Drivers/STM32F4xx_HAL_Driver/Src/stm32f4xx_hal_flash_ex.o
 .debug_macro   0x0002035c      0x1c0 ./Drivers/STM32F4xx_HAL_Driver/Src/stm32f4xx_hal_gpio.o
 .debug_macro   0x0002051c      0x1de ./Drivers/STM32F4xx_HAL_Driver/Src/stm32f4xx_hal_rcc.o
 .debug_macro   0x000206fa      0x1ba ./Drivers/STM32F4xx_HAL_Driver/Src/stm32f4xx_hal_rcc_ex.o
 .debug_macro   0x000208b4      0x1fc ./Drivers/STM32F4xx_HAL_Driver/Src/stm32f4xx_ll_gpio.o
 .debug_macro   0x00020ab0      0x143 ./Drivers/STM32F4xx_HAL_Driver/Src/stm32f4xx_ll_gpio.o
 .debug_macro   0x00020bf3      0x1e7 ./Drivers/STM32F4xx_HAL_Driver/Src/stm32f4xx_ll_rcc.o
 .debug_macro   0x00020dda      0x77b ./Drivers/STM32F4xx_HAL_Driver/Src/stm32f4xx_ll_rcc.o
 .debug_macro   0x00021555      0x229 ./Drivers/STM32F4xx_HAL_Driver/Src/stm32f4xx_ll_usart.o
 .debug_macro   0x0002177e      0x1b5 ./Drivers/STM32F4xx_HAL_Driver/Src/stm32f4xx_ll_usart.o
 .debug_macro   0x00021933       0x85 ./Drivers/UART/RingBuffer.o
 .debug_macro   0x000219b8      0x1f0 ./Drivers/UART/UART.o
 .debug_macro   0x00021ba8      0x1cd ./Drivers/scheduler/scheduler.o

.debug_line     0x00000000     0xc59c
 .debug_line    0x00000000     0x10dd ./Core/Src/bootloader.o
 .debug_line    0x000010dd      0xb1a ./Core/Src/main.o
 .debug_line    0x00001bf7      0x834 ./Core/Src/stm32f4xx_hal_msp.o
 .debug_line    0x0000242b      0x94b ./Core/Src/stm32f4xx_it.o
 .debug_line    0x00002d76      0x799 ./Core/Src/system_stm32f4xx.o
 .debug_line    0x0000350f       0x7a ./Core/Startup/startup_stm32f407vgtx.o
 .debug_line    0x00003589      0x92c ./Drivers/Flash/flash.o
 .debug_line    0x00003eb5      0xa06 ./Drivers/STM32F4xx_HAL_Driver/Src/stm32f4xx_hal.o
 .debug_line    0x000048bb      0xcd6 ./Drivers/STM32F4xx_HAL_Driver/Src/stm32f4xx_hal_cortex.o
 .debug_line    0x00005591      0x83b ./Drivers/STM32F4xx_HAL_Driver/Src/stm32f4xx_hal_crc.o
 .debug_line    0x00005dcc      0xac3 ./Drivers/STM32F4xx_HAL_Driver/Src/stm32f4xx_hal_flash_ex.o
 .debug_line    0x0000688f      0xb5e ./Drivers/STM32F4xx_HAL_Driver/Src/stm32f4xx_hal_gpio.o
 .debug_line    0x000073ed      0xe13 ./Drivers/STM32F4xx_HAL_Driver/Src/stm32f4xx_hal_rcc.o
 .debug_line    0x00008200      0xa75 ./Drivers/STM32F4xx_HAL_Driver/Src/stm32f4xx_hal_rcc_ex.o
 .debug_line    0x00008c75      0xae3 ./Drivers/STM32F4xx_HAL_Driver/Src/stm32f4xx_ll_gpio.o
 .debug_line    0x00009758      0xc20 ./Drivers/STM32F4xx_HAL_Driver/Src/stm32f4xx_ll_rcc.o
 .debug_line    0x0000a378      0x989 ./Drivers/STM32F4xx_HAL_Driver/Src/stm32f4xx_ll_usart.o
 .debug_line    0x0000ad01      0x56c ./Drivers/UART/RingBuffer.o
 .debug_line    0x0000b26d      0xab0 ./Drivers/UART/UART.o
 .debug_line    0x0000bd1d      0x87f ./Drivers/scheduler/scheduler.o

.debug_str      0x00000000    0xcc7a0
 .debug_str     0x00000000    0xcc7a0 ./Core/Src/bootloader.o
                              0xc065c (size before relaxing)
 .debug_str     0x000cc7a0    0xc63bd ./Core/Src/main.o
 .debug_str     0x000cc7a0    0xc515b ./Core/Src/stm32f4xx_hal_msp.o
 .debug_str     0x000cc7a0    0xc50af ./Core/Src/stm32f4xx_it.o
 .debug_str     0x000cc7a0    0xbb230 ./Core/Src/system_stm32f4xx.o
 .debug_str     0x000cc7a0       0x62 ./Core/Startup/startup_stm32f407vgtx.o
 .debug_str     0x000cc7a0    0xbb1f6 ./Drivers/Flash/flash.o
 .debug_str     0x000cc7a0    0xbbdb4 ./Drivers/STM32F4xx_HAL_Driver/Src/stm32f4xx_hal.o
 .debug_str     0x000cc7a0    0xbbb30 ./Drivers/STM32F4xx_HAL_Driver/Src/stm32f4xx_hal_cortex.o
 .debug_str     0x000cc7a0    0xbb25e ./Drivers/STM32F4xx_HAL_Driver/Src/stm32f4xx_hal_crc.o
 .debug_str     0x000cc7a0    0xbb470 ./Drivers/STM32F4xx_HAL_Driver/Src/stm32f4xx_hal_flash_ex.o
 .debug_str     0x000cc7a0    0xbb3ab ./Drivers/STM32F4xx_HAL_Driver/Src/stm32f4xx_hal_gpio.o
 .debug_str     0x000cc7a0    0xbb664 ./Drivers/STM32F4xx_HAL_Driver/Src/stm32f4xx_hal_rcc.o
 .debug_str     0x000cc7a0    0xbb382 ./Drivers/STM32F4xx_HAL_Driver/Src/stm32f4xx_hal_rcc_ex.o
 .debug_str     0x000cc7a0    0xbcc38 ./Drivers/STM32F4xx_HAL_Driver/Src/stm32f4xx_ll_gpio.o
 .debug_str     0x000cc7a0    0xbf724 ./Drivers/STM32F4xx_HAL_Driver/Src/stm32f4xx_ll_rcc.o
 .debug_str     0x000cc7a0    0xc1566 ./Drivers/STM32F4xx_HAL_Driver/Src/stm32f4xx_ll_usart.o
 .debug_str     0x000cc7a0     0x48a1 ./Drivers/UART/RingBuffer.o
 .debug_str     0x000cc7a0    0xbc27c ./Drivers/UART/UART.o
 .debug_str     0x000cc7a0    0xbb2b5 ./Drivers/scheduler/scheduler.o

.comment        0x00000000       0x43
 .comment       0x00000000       0x43 ./Core/Src/bootloader.o
                                 0x44 (size before relaxing)
 .comment       0x00000043       0x44 ./Core/Src/main.o
 .comment       0x00000043       0x44 ./Core/Src/stm32f4xx_hal_msp.o
 .comment       0x00000043       0x44 ./Core/Src/stm32f4xx_it.o
 .comment       0x00000043       0x44 ./Core/Src/system_stm32f4xx.o
 .comment       0x00000043       0x44 ./Drivers/Flash/flash.o
 .comment       0x00000043       0x44 ./Drivers/STM32F4xx_HAL_Driver/Src/stm32f4xx_hal.o
 .comment       0x00000043       0x44 ./Drivers/STM32F4xx_HAL_Driver/Src/stm32f4xx_hal_cortex.o
 .comment       0x00000043       0x44 ./Drivers/STM32F4xx_HAL_Driver/Src/stm32f4xx_hal_crc.o
 .comment       0x00000043       0x44 ./Drivers/STM32F4xx_HAL_Driver/Src/stm32f4xx_hal_flash_ex.o
 .comment       0x00000043       0x44 ./Drivers/STM32F4xx_HAL_Driver/Src/stm32f4xx_hal_gpio.o
 .comment       0x00000043       0x44 ./Drivers/STM32F4xx_HAL_Driver/Src/stm32f4xx_hal_rcc.o
 .comment       0x00000043       0x44 ./Drivers/STM32F4xx_HAL_Driver/Src/stm32f4xx_hal_rcc_ex.o
 .comment       0x00000043       0x44 ./Drivers/STM32F4xx_HAL_Driver/Src/stm32f4xx_ll_gpio.o
 .comment       0x00000043       0x44 ./Drivers/STM32F4xx_HAL_Driver/Src/stm32f4xx_ll_rcc.o
 .comment       0x00000043       0x44 ./Drivers/STM32F4xx_HAL_Driver/Src/stm32f4xx_ll_usart.o
 .comment       0x00000043       0x44 ./Drivers/UART/RingBuffer.o
 .comment       0x00000043       0x44 ./Drivers/UART/UART.o
 .comment       0x00000043       0x44 ./Drivers/scheduler/scheduler.o

.debug_frame    0x00000000     0x2750
 .debug_frame   0x00000000      0x378 ./Core/Src/bootloader.o
 .debug_frame   0x00000378      0x228 ./Core/Src/main.o
 .debug_frame   0x000005a0       0x88 ./Core/Src/stm32f4xx_hal_msp.o
 .debug_frame   0x00000628      0x120 ./Core/Src/stm32f4xx_it.o
 .debug_frame   0x00000748       0x58 ./Core/Src/system_stm32f4xx.o
 .debug_frame   0x000007a0      0x120 ./Drivers/Flash/flash.o
 .debug_frame   0x000008c0      0x374 ./Drivers/STM32F4xx_HAL_Driver/Src/stm32f4xx_hal.o
 .debug_frame   0x00000c34      0x508 ./Drivers/STM32F4xx_HAL_Driver/Src/stm32f4xx_hal_cortex.o
 .debug_frame   0x0000113c      0x120 ./Drivers/STM32F4xx_HAL_Driver/Src/stm32f4xx_hal_crc.o
 .debug_frame   0x0000125c      0x250 ./Drivers/STM32F4xx_HAL_Driver/Src/stm32f4xx_hal_flash_ex.o
 .debug_frame   0x000014ac      0x14c ./Drivers/STM32F4xx_HAL_Driver/Src/stm32f4xx_hal_gpio.o
 .debug_frame   0x000015f8      0x1f4 ./Drivers/STM32F4xx_HAL_Driver/Src/stm32f4xx_hal_rcc.o
 .debug_frame   0x000017ec       0xf0 ./Drivers/STM32F4xx_HAL_Driver/Src/stm32f4xx_hal_rcc_ex.o
 .debug_frame   0x000018dc      0x1c0 ./Drivers/STM32F4xx_HAL_Driver/Src/stm32f4xx_ll_gpio.o
 .debug_frame   0x00001a9c      0x460 ./Drivers/STM32F4xx_HAL_Driver/Src/stm32f4xx_ll_rcc.o
 .debug_frame   0x00001efc      0x240 ./Drivers/STM32F4xx_HAL_Driver/Src/stm32f4xx_ll_usart.o
 .debug_frame   0x0000213c      0x100 ./Drivers/UART/RingBuffer.o
 .debug_frame   0x0000223c      0x310 ./Drivers/UART/UART.o
 .debug_frame   0x0000254c      0x158 ./Drivers/scheduler/scheduler.o
 .debug_frame   0x000026a4       0x20 C:/ST/STM32CubeIDE_1.16.1/STM32CubeIDE/plugins/com.st.stm32cube.ide.mcu.externaltools.gnu-tools-for-stm32.13.3.rel1.win32_1.0.0.202411081344/tools/bin/../lib/gcc/arm-none-eabi/13.3.1/../../../../arm-none-eabi/lib/thumb/v7e-m+fp/hard\libc_nano.a(libc_a-memset.o)
 .debug_frame   0x000026c4       0x2c C:/ST/STM32CubeIDE_1.16.1/STM32CubeIDE/plugins/com.st.stm32cube.ide.mcu.externaltools.gnu-tools-for-stm32.13.3.rel1.win32_1.0.0.202411081344/tools/bin/../lib/gcc/arm-none-eabi/13.3.1/../../../../arm-none-eabi/lib/thumb/v7e-m+fp/hard\libc_nano.a(libc_a-init.o)
 .debug_frame   0x000026f0       0x2c C:/ST/STM32CubeIDE_1.16.1/STM32CubeIDE/plugins/com.st.stm32cube.ide.mcu.externaltools.gnu-tools-for-stm32.13.3.rel1.win32_1.0.0.202411081344/tools/bin/../lib/gcc/arm-none-eabi/13.3.1/thumb/v7e-m+fp/hard\libgcc.a(_aeabi_uldivmod.o)
 .debug_frame   0x0000271c       0x34 C:/ST/STM32CubeIDE_1.16.1/STM32CubeIDE/plugins/com.st.stm32cube.ide.mcu.externaltools.gnu-tools-for-stm32.13.3.rel1.win32_1.0.0.202411081344/tools/bin/../lib/gcc/arm-none-eabi/13.3.1/thumb/v7e-m+fp/hard\libgcc.a(_udivmoddi4.o)

.debug_line_str
                0x00000000       0x46
 .debug_line_str
                0x00000000       0x46 ./Core/Startup/startup_stm32f407vgtx.o
