../Drivers/CMSIS/Include/core_cm4.h:1938:34:__NVIC_SystemReset	4	static,ignoring_inline_asm
../Drivers/STM32F4xx_HAL_Driver/Inc/stm32f4xx_ll_bus.h:1889:22:LL_APB2_GRP1_ForceReset	16	static
../Drivers/STM32F4xx_HAL_Driver/Inc/stm32f4xx_ll_bus.h:1947:22:LL_APB2_GRP1_ReleaseReset	16	static
../Core/Src/bootloader.c:64:11:BL_UART_Fetch_Host_Command	24	static
../Core/Src/bootloader.c:147:13:Bootloader_Get_Chip_Identification_Number	24	static
../Core/Src/bootloader.c:157:16:CBL_STM32F401_Get_RDP_Level	40	static
../Core/Src/bootloader.c:165:13:Bootloader_Read_Protection_Level	24	static
../Core/Src/bootloader.c:179:7:Jump_To_App	32	static,ignoring_inline_asm
../Core/Src/bootloader.c:232:13:Bootloader_Jump_To_User_App	24	static
../Core/Src/bootloader.c:246:16:Perform_Flash_Erase	24	static
../Core/Src/bootloader.c:285:13:Bootloader_Erase_Flash	24	static
../Core/Src/bootloader.c:314:16:Flash_Memory_Write_Payload	32	static
../Core/Src/bootloader.c:337:13:Bootloader_Memory_Write	40	static
../Core/Src/bootloader.c:395:16:Host_Address_Verification	24	static
../Core/Src/bootloader.c:409:16:Bootloader_CRC_Verify	40	static
../Core/Src/bootloader.c:428:6:Bootloader_CRC_Verify_Seq	32	static
../Core/Src/bootloader.c:437:13:Bootloader_Send_NACK	16	static
../Core/Src/bootloader.c:442:13:Bootloader_Send_Data_To_Host	16	static
../Core/Src/bootloader.c:447:13:RESET_CHIP	8	static,ignoring_inline_asm
../Core/Src/bootloader.c:456:17:Firmware_CRC_Verification	40	static
../Core/Src/bootloader.c:475:16:Flash_Write_Firmware_Info	24	static
../Core/Src/bootloader.c:506:13:Flash_Read_Firmware_Info	8	static
../Core/Src/bootloader.c:518:6:Firmware_Check_Available	16	static
../Core/Src/bootloader.c:546:6:Wait_For_Request	16	static
