../Drivers/STM32F4xx_HAL_Driver/Inc/stm32f4xx_ll_usart.h:410:22:LL_USART_Enable	16	static
../Drivers/STM32F4xx_HAL_Driver/Inc/stm32f4xx_ll_usart.h:424:22:LL_USART_Disable	16	static
../Drivers/STM32F4xx_HAL_Driver/Inc/stm32f4xx_ll_usart.h:1479:22:LL_USART_ConfigAsyncMode	16	static
../Drivers/STM32F4xx_HAL_Driver/Inc/stm32f4xx_ll_usart.h:1792:26:LL_USART_IsActiveFlag_RXNE	16	static
../Drivers/STM32F4xx_HAL_Driver/Inc/stm32f4xx_ll_usart.h:1814:26:LL_USART_IsActiveFlag_TXE	16	static
../Drivers/STM32F4xx_HAL_Driver/Inc/stm32f4xx_ll_usart.h:1979:22:LL_USART_ClearFlag_RXNE	16	static
../Drivers/STM32F4xx_HAL_Driver/Inc/stm32f4xx_ll_usart.h:2035:22:LL_USART_EnableIT_RXNE	40	static,ignoring_inline_asm
../Drivers/STM32F4xx_HAL_Driver/Inc/stm32f4xx_ll_usart.h:2057:22:LL_USART_EnableIT_TXE	40	static,ignoring_inline_asm
../Drivers/STM32F4xx_HAL_Driver/Inc/stm32f4xx_ll_usart.h:2153:22:LL_USART_DisableIT_TXE	40	static,ignoring_inline_asm
../Drivers/STM32F4xx_HAL_Driver/Inc/stm32f4xx_ll_usart.h:2403:25:LL_USART_ReceiveData8	16	static
../Drivers/STM32F4xx_HAL_Driver/Inc/stm32f4xx_ll_usart.h:2438:22:LL_USART_TransmitData9	16	static
../Drivers/UART/UART.c:22:6:USART1_IRQ	16	static
../Drivers/UART/UART.c:39:6:USART1_init	8	static
../Drivers/UART/UART.c:45:6:USART1_send_char	16	static
../Drivers/UART/UART.c:52:6:USART1_send_string	16	static
../Drivers/UART/UART.c:58:6:USART1_send_array	24	static
../Drivers/UART/UART.c:64:9:USART1_rx_count	8	static
../Drivers/UART/UART.c:68:10:USART1_read_char	4	static
../Drivers/UART/UART.c:79:6:USART1_close	8	static
../Drivers/UART/UART.c:91:6:UASRT1_SetBaudRate	48	static
../Drivers/UART/UART.c:108:24:uart_get_USART1_rx_buffer_address	4	static
